Administrator
Advisor
Agriculture Secretary
Ambassador
Ambassadors
Attorney General
C.E.O.
C.F.O.
CEO
CFO
Cabinet Member
Cabinet Minister
Candidate
Catholic deacon
internee
Chairman Of The Board
Chairman of The Board
Chairman of the Board
Chancellor of the Exchequer
Hardware and Network Support
Chief Engineer
Chief Executive
Chief Executive Officer
Chief Financial Officer
Chief Information Officer
Chief Inspector
Chief Operating Officer
Chief Scientist
Chief Secretary
Commerce Secretary
Commissar
Commissioner
Communist
Comptroller
Comptroller General
Comptroller of the Currency
Comrade
Confederate soldier
Congressman
Consultant
Consultant Paediatrician
Controller
Controller, Western Canada
Councilman
Counsel
Defense Minister
Defense Secretary
Deputy
Deputy Assistant Defense Secretary
Deputy Foreign Minister
Diplomat
Director
Director Of Public Affairs
Director of Communications
Director of Finance
Director of Marketing
Director of Public Affairs
Dvm
Education Secretary
Embassador
Engineering Manager
Executive
Executive Director, Americas and Direct Market Operations
Executive VP
Executive Vice-President, Corporate Services
Executive Vice-President, Information Technologies
Father
Federalist
Flight Engineer
Foreign Official
General Manager
General Secretary
Gov.
Governor
Governor General
High Commissioner
Highlander
Home Secretary
Indian chief
Industry and Commerce Minister
Interim Vice President - Operations
Interior Minister
Interior Secretary
Jack-tar
Janissary
Jd
Justice Minister
King
Knight Templar
Labor Secretary
Labourite
Lawyer
Leader
Llb
Local Government Officials
Local Mayor
Lord Chancellor
Lord High Chancellor
Lord Mayor
Lord Privy Seal
Manager
Managing Director
Marine
Marshall
Mayor
Md
Member of Parliament
Minuteman
Monsignor
National Security Advisor
Mugwump
Nurse
Officials
Padre
Parliamentarian
Premier
Premier Ministre
President of the United States
President-Elect
President-elect
Press Secretary
Prime Minister
Proconsul
Protestant Deacon
Provost
Pullman porter
R-N.Y.
R-S.C.
Regional General Manager
Rep.
Reporter
Representative
Republican
Secretary
Secretary General
Secretary of Agriculture
Secretary of Commerce
Secretary of Defense
Secretary of Education
Secretary of Energy
Secretary of Health and Human Services
Secretary of Housing and Urban Development
Secretary of Labor
Secretary of State
Secretary of State for the Home Department
Secretary of Transportation
Secretary of Veterans Affairs
Secretary of the Interior
Secretary of the Treasury
Secretary-Generall
Senior Director of Program Management
Senior Executive
Senior VP
Senior Vice President
Senior Vice President of Clinical Operations
Sheik
Speaker
Spokesman
Spokesperson
Spokeswoman
Staff Reporter
Teacher
Transportation Secretary
Treasurer
Treasury
Treasury Secretary
V. P.
VP
Vicar of Christ
Vice -President, Marketing
Vice President
Vice President - Operations
Vice President of Business Development
Vice President of Business Development and Worldwide Sales
Vice President of Sales
Vice President, Finance - Operations
Vice-President
Vice-President, Business Development
Vice-President, Human Resources
Vice-President, Sales
Whig
able seaman
able-bodied seaman
absolver
academic administrator
acolyte
adjutant
adjutant general
administrative official
administrator
admiral
admiralty
aeronaut
agent
aggressor
agricultural laborer
agricultural labourer
aide
aide-de-camp
air hostess
aircraftman
aircraftsman
aircrewman
airman
airwoman
almoner
altar boy
amah
amanuensis
ambassador
ambassadress
analyst
angler
animal stuffer
animal trainer
anthologist
apotheosis
appointee
archbishop
archdeacon
archduchess
archduke
archpriest
aristocrat
armiger
armor-bearer
armorer
armourer
army officer
arranger
arrowsmith
art director
art editor
artificer
artilleryman
artisan
artist's model
assessor
assistant
assistant foreman
attendant
auto-mechanic
auxiliary
aviator
aviatress
aviatrix
ayah
baas
bacchant
bacchante
bachelor
bachelor-at-arms
backbencher
baggageman
bagger
bagman
bailiff
baker
balloonist
bank commissioner
banneret
barber
bargee
bargeman
barkeep
barkeeper
barmaid
barman
barnstormer
baron
baroness
baronet
barrel maker
bart
bartender
baseball coach
basketball coach
batman
batting coach
beadle
beautician
bell captain
bell founder
bellboy
bellhop
bellman
bellwether
best man
bey
bill poster
bill sticker
bishop
blackleg
blacksmith
bluejacket
bo'sun
boater
boatman
boatswain
body servant
bombardier
book agent
bookbinder
bos'n
boss
bosun
boxer
brakeman
brass hat
bread maker
breadwinner
breaker
bricklayer
bridesmaid
brigadier
brigadier general
bronco buster
buck private
buckaroo
bunny girl
bureaucrat
burgomaster
burgrave
busboy
bushwhacker
business editor
business executive
butcher
butler
cabin boy
cabinet minister
cabinetmaker
caddie
calligrapher
calligraphist
campaigner
candidate
candy striper
cannon fodder
cannoneer
canoeist
canon
cantor
canvasser
captain
car-mechanic
carabineer
carabinier
cardinal
caretaker
carhop
carpenter
carpet knight
carrier
carter
cartwright
carver
caseworker
cat's-paw
cattleman
cavalier
cavalryman
celebrant
censor
census taker
ceramicist
ceramist
chair
chairman
chairman of the board
chairperson
chairwoman
chambermaid
champion
chancellor
chaplain
char
charcoal burner
charge d'affaires
charge of quarters
charioteer
charwoman
chatelaine
check girl
checker
cheerleader
chef
chevalier
chief
chief assistant
chief executive
chief executive officer
chief justice
chief of staff
chief of state
chief operating officer
chief petty officer
chieftain
chimneysweep
chimneysweeper
choragus
church officer
churchman
churchwarden
cicerone
city editor
city father
city manager
civic leader
civil leader
civil servant
cleaner
cleaning lady
cleaning woman
clergyman
cleric
clerk
clockmaker
clocksmith
coach
coachbuilder
coachman
coal miner
coalman
coastguardsman
coiffeur
coiffeuse
collectivist
collector of internal revenue
collier
colonel
color bearer
color guard
color sergeant
commandant
commander
commander in chief
commanding officer
commando
commercial traveler
commercial traveller
commie
commissar
commissioned officer
commissioner
commodore
communist
companion
company man
compositor
comte de Saxe
conditioner
confessor
congressman
congresswoman
conscript
consul
convener
cook
cookie
cooky
cooper
coordinator
copilot
coppersmith
copy editor
copyist
copyreader
copywriter
cordon bleu
cornhusker
corporal
corporate executive
corporate financier
cosmetician
counsellor
counselor
counterman
countess
coureur de bois
courtier
cover girl
cowboy
cowgirl
cowhand
cowherd
cowman
cowpoke
cowpuncher
cox
coxswain
crackerjack
craftsman
crew member
crewman
cropper
crossbencher
crown prince
crown princess
cuirassier
cupbearer
curate
cutter
czarina
czaritza
dairymaid
dairyman
dauphin
day laborer
day labourer
deacon
deaconess
dean
decision maker
deckhand
delivery boy
deliveryman
demigod
demonstrator
dental assistant
dental hygienist
dental technician
denturist
department head
deputy
desk clerk
desk officer
devil dog
diemaker
diesinker
digger
dining-room attendant
diocesan
diplomat
diplomatic minister
diplomatist
director
director of research
dishwasher
disinfestation officer
dispatcher
district manager
ditch digger
dock worker
dock-walloper
docker
dockhand
dog catcher
doge
dogsbody
domestic
domestic help
domine
dominee
dominie
dominus
doorkeeper
draftee
draftsman
draftsperson
dragoon
draughtsman
dresser
dressmaker's model
drill instructor
drill master
driver
drover
drudge
druid
drummer
duchess
duke
dustman
dyer
earl
earner
ecclesiastic
editor
elder
elder statesman
elected official
electrician
embalmer
embassador
employee
employer
enforcer
engraver
enlisted man
enlisted person
enlisted woman
ensign
envoy
envoy extraordinary
equerry
escort
esquire
evangelist
event planner
ex-mayor
ex-president
ex-serviceman
excavator
exciseman
executive
executive director
executive officer
executive secretary
executive vice president
facilitator
factory worker
factotum
falconer
famulus
farm worker
farmerette
farmhand
farrier
fashion arbiter
fashion model
father
favorite son
favourite son
federal agent
federal official
fellah
female aristocrat
female monarch
ferryman
field marshal
field officer
field-grade officer
fieldhand
fighter pilot
file clerk
filer
filibuster
filibusterer
filing clerk
fille de chambre
finance director
finance minister
financier
fire marshall
fire warden
fireman
first lieutenant
first mate
first sergeant
fisher
fisherman
flag captain
flag officer
flamen
fleet admiral
flight attendant
flight engineer
floor leader
floorwalker
flunkey
flunky
foot soldier
football coach
footman
footslogger
foreign minister
foreman
forest fire fighter
forewoman
forger
forty-niner
founder
fowler
framer
freelance
fresh fish
frontbencher
fry cook
full admiral
full general
functionary
fund manager
funeral director
fusilier
gaffer
galley slave
gandy dancer
ganger
garbage collector
garbage man
gardener
garment cutter
gas fitter
gasman
gaucho
gem cutter
general manager
general officer
generalissimo
gentleman
gentleman's gentleman
gilder
gillie
girl Friday
glassblower
glasscutter
glassworker
glazer
glazier
gleaner
goatherd
goatherder
gold digger
gold miner
gold panner
goldbeater
goldbrick
goldsmith
goldworker
golf caddie
gondolier
gondoliere
gospeler
gospeller
government minister
governor
governor general
grand duchess
grand duke
grandee
gravedigger
grayback
grease monkey
grenade thrower
grenadier
grocery boy
groom
groomsman
groundskeeper
groundsman
group captain
guard of honor
guardsman
gunner
gunnery sergeant
gunsmith
guvnor
hack
hairdresser
hairstylist
handler
handmaid
handmaiden
handyman
harpooneer
harpooner
harvester
hatcheck girl
hatchet man
hawker
hazan
head of household
head of state
head waiter
headman
hearing examiner
hearing officer
helmsman
helper
herder
herdsman
hero
hewer
hierarch
high commissioner
high priest
hired hand
hired man
hireling
hirer
hockey coach
hod carrier
hodman
holdover
honcho
honor guard
hoodoo
horse wrangler
horseshoer
hospital attendant
hospital chaplain
hosteller
hostess
hostler
hotel clerk
hotel desk clerk
hotel manager
hotelier
hotelkeeper
hotelman
house painter
house servant
housebreaker
housekeeper
housemaid
housewrecker
housing commissioner
hunter
huntress
huntsman
hussar
iceman
imam
imaum
incumbent
indexer
infantryman
initiator
insider
inspector general
instigator
interior minister
internal revenue agent
internationalist
internuncio
interpreter
invigilator
jobholder
joiner
journeyman
judge
judge advocate
judge advocate general
jurist
justice of the peace
justiciar
justiciary
knacker
knight
intern
knight bachelor
knight banneret
knight of the square flag
knight-errant
labor leader
laborer
labourer
lackey
lady's maid
lady-in-waiting
lama
lamplighter
lance corporal
lancer
land agent
landgrave
lapidary
lapidist
lascar
lasher
laundress
laundryman
laundrywoman
lawgiver
lawmaker
leader
leatherneck
ledgeman
left-winger
leftist
legal assistant
legionary
legionnaire
legislator
lens maker
letter carrier
lieutenant
lieutenant JG
lieutenant colonel
lieutenant commander
lieutenant general
lieutenant governor
lieutenant junior grade
life peer
lifeguard
lifesaver
light colonel
lighterman
line coach
line officer
line worker
lineman
linesman
linkboy
linkman
lion-hunter
litter-bearer
liveryman
loader
lobsterback
lobsterman
lockkeeper
lockman
lockmaster
locksmith
longshoreman
lord
lumper
macebearer
macer
machine gunner
machine politician
machinist
magistrate
magus
maharaja
maharajah
maharanee
maharani
mahout
maid
maidservant
mail carrier
mail clerk
mailman
maintenance man
maitre d'hotel
major-domo
major-general
majority leader
male aristocrat
man Friday
man of the cloth
man-at-arms
manager
manageress
managing director
managing editor
manakin
mandarin
manicurist
manikin
mannequin
mannikin
manservant
manual laborer
mapper
marcher
marchioness
margrave
mariner
marquess
marquis
marquise
marshal
marshall
mason
master
master sergeant
master-at-arms
mayor
mayoress
mechanic
medical social worker
medicine man
mender
mesne lord
metalworker
midinette
milady
military chaplain
military governor
military leader
military man
military officer
military personnel
military volunteer
militiaman
milkmaid
milkman
mill-girl
mill-hand
miller
millwright
milord
miner
mineworker
minister
minister of finance
minister plenipotentiary
ministrant
minority leader
mistress
mixologist
model
moderator
monitor
mortician
mud digger
mule driver
mule skinner
muleteer
musketeer
national leader
naval officer
navigator
navvy
navy man
newsboy
newspaper editor
noble
nobleman
noblewoman
nominee
non-Christian priest
noncandidate
noncom
noncombatant
noncommissioned officer
notary
notary public
nuncio
nurse's aide
nursing aide
oarsman
oarswoman
odd-job man
office boy
office-bearer
officeholder
officer
official
oilman
optician
orderly
orderly sergeant
ordinand
organization man
organizer
ostler
overseer
oyabun
packer
paddler
padre
padrone
painter
palatine
palsgrave
pantryman
paperboy
paperer
paperhanger
paralegal
paramedic
paraprofessional
paratrooper
pardoner
park commissioner
parlormaid
parlourmaid
parson
part-timer
party boss
party liner
party man
party whip
pastor
pastry cook
paterfamilias
patriarch
patrician
peacekeeper
peasant
peeler
peer
peer of the realm
peeress
pencil pusher
pendragon
penpusher
pensionary
peon
persona grata
persona non grata
petty officer
photographer''s model
piano tuner
picker
pigman
pilot
pin-up
pinko
pipe fitter
pitching coach
pitman
placeman
placeseeker
plasterer
platelayer
pledge taker
plenipotentiary
plotter
ploughman
ploughwright
plowman
plowwright
plumber
point man
point woman
police commissioner
political boss
political commissar
political hack
political leader
politician
politico
pontiff
pope
porter
poser
postal clerk
postman
postmaster
postmaster general
postmistress
potboy
pothunter
potman
potter
powder monkey
power worker
power-station worker
praetor
preacher
preacher man
prebendary
prefect
prelate
premier
presbyter
preserver
presiding officer
pressman
pretor
priest
priest-doctor
priestess
primate
prime minister
prince
prince consort
princess
princess royal
prison chaplain
privateer
privateersman
probation officer
processor
proconsul
proctor
procurator
projectionist
prompter
promulgator
proofreader
property man
property master
propman
prospector
provost
public servant
publican
puncher
punter
purser
quarrier
quarryman
quartermaster
quartermaster general
queen
queen consort
queen dowager
queen mother
queen regent
queen regnant
rabbi
rail-splitter
railroad man
railroader
railway man
railwayman
raja
rajah
ranch hand
ranee
ranger
rani
ranker
rat-catcher
raw recruit
reaper
rear admiral
receptionist
record-keeper
recruit
recruiting-sergeant
rector
redactor
redcap
redcoat
refiner
refinisher
refuse collector
registrar
regulator
renovator
rep
repairer
repairman
representative
research director
reservist
restaurant attendant
reverend
reviser
revisionist
revivalist
rewrite man
rewriter
rifleman
rigger
right-hand man
riveter
rivetter
road mender
roadman
role model
roofer
room clerk
roundsman
roustabout
rower
running mate
sacristan
sailing master
sailor
sailor boy
saint
sales demonstrator
sales manager
salesclerk
salesgirl
saleslady
salesman
salesperson
saleswoman
sandwichman
satrap
sawyer
scene painter
sceneshifter
school superintendent
scourer
scoutmaster
scribe
scrivener
scrutineer
sculler
scullion
sea captain
sea dog
sea lawyer
seafarer
seaman
second lieutenant
second-in-command
secretarial assistant
secretary
secretary of state
section hand
security director
selectman
selectwoman
self-employed person
senator
seneschal
senior pilot
senior vice president
sergeant
sergeant at arms
sergeant first class
serjeant-at-arms
sermonizer
servant
servant girl
serviceman
serving girl
servitor
sexton
shaman
sharecrop farmer
sharecropper
sheepherder
sheepman
shepherd
shepherdess
ship's officer
shipboard soldier
shipping clerk
shipwright
shop assistant
shop boy
shop clerk
shop girl
shop mechanic
shopwalker
shorthand typist
sidesman
sign painter
signalman
sire
skilled worker
skipper
skivvy
sky pilot
slaughterer
slave
slave driver
slavey
smith
social secretary
social worker
socialist
soda jerk
soda jerker
soldier
solon
sommelier
soundman
speaker
spiritual leader
spokesman
sports editor
squire
stableboy
stableman
staff member
staff officer
staff sergeant
staffer
stage director
stage manager
stage technician
stagehand
stager
stalker
stalking-horse
standard-bearer
state senator
statesman
station agent
stationmaster
steeplejack
steersman
stenographer
stevedore
steward
stewardess
stipendiary magistrate
stoker
stone breaker
stone cutter
stonecutter
stonemason
straw boss
street cleaner
street sweeper
stretcher-bearer
strike leader
strikebreaker
striker
striver
stunt flier
stunt pilot
stylist
subaltern
subeditor
sublieutenant
submariner
suffragan
suffragan bishop
superintendent
superman
superordinate
supervisor
supply officer
supporter
surgeon general
sweep
swineherd
tally clerk
tallyman
tamer
tank driver
tanker
tanner
tapster
taskmaster
taskmistress
taste-maker
tax assessor
tax collector
taxidermist
taxman
teamster
technical sergeant
technician
technocrat
telecoms analyst
televangelist
teller
temporary worker
tennis coach
territorial
test pilot
text editor
thane
thatcher
theater prompter
throwster
thurifer
timekeeper
tinker
tinsmith
toiler
toll agent
toll collector
toller
tollgatherer
tollkeeper
tollman
tolltaker
torchbearer
touch-typist
town clerk
tracker
tracklayer
trade unionist
trail boss
trainbearer
trained worker
trainer
trainman
trainmaster
trapper
traveling salesman
travelling salesman
trend-setter
trial judge
tribal chief
trier
triumvir
troller
trooper
trouble shooter
troubleshooter
tsarina
tsaritsa
tuner
turncock
turner
typesetter
typist
typographer
tzarina
undersecretary
undertaker
union member
unionist
unpaid worker
upholsterer
usher
usherette
utility man
valet
valet de chambre
vaquero
varlet
verger
vestal virgin
vestryman
vestrywoman
vet
veteran
veteran soldier
vicar
vicar apostolic
vicar-general
vice admiral
vice chairman
vice chancellor
vice president
vice-regent
vicereine
viceroy
vigilance man
vigilante
viscount
viscountess
vizier
voluntary
volunteer
votary
vote counter
wage earner
waggoner
waggonwright
wagoner
wagonwright
wainwright
waiter
waiter's assistant
waitress
wallah
ward-heeler
warehouseman
warehouser
warlord
warrant officer
washer
washerman
washerwoman
washwoman
water boy
water dog
water rat
waterman
weaver
welder
welfare worker
whaler
wheelwright
whipper-in
window cleaner
window dresser
window trimmer
window washer
wine steward
wine waiter
wing commander
wingman
woodcarver
woodcutter
woodman
woodsman
woodworker
working girl
working man
working person
workman
workmate
wrangler
wrecker
wright
write-in candidate
yachtsman
yachtswoman
yardmaster
Aquacultural Managers
Buyers and Purchasing Agents, Farm Products
Farm and Ranch Managers
Farm Labor Contractors
Farmers, Ranchers, and Other Agricultural Managers
Nursery and Greenhouse Managers
Animal Breeders
Animal Scientists
Farmworkers, Farm, Ranch, and Aquacultural Animals
Nonfarm Animal Caretakers
Environmental Engineering Technicians
Environmental Engineers
Environmental Science and Protection Technicians, Including Health
Hazardous Materials Removal Workers
Pest Control Workers
Refuse and Recyclable Material Collectors
Water and Wastewater Treatment Plant and System Operators
Water/Wastewater Engineers
Agricultural and Food Science Technicians
Agricultural Technicians
First-Line Supervisors of Agricultural Crop and Horticultural Workers
First-Line Supervisors of Animal Husbandry and Animal Care Workers
First-Line Supervisors of Aquacultural Workers
First-Line Supervisors of Farming, Fishing, and Forestry Workers
First-Line Supervisors of Logging Workers
Food Science Technicians
Food Scientists and Technologists
Graders and Sorters, Agricultural Products
Clinical Research Coordinators
Fallers
Fishers and Related Fishing Workers
Forest and Conservation Technicians
Forest and Conservation Workers
Foresters
Geological and Petroleum Technicians
Geological Sample Test Technicians
Geophysical Data Technicians
Hunters and Trappers
Log Graders and Scalers
Logging Equipment Operators
Logging Workers, All Other
Natural Sciences Managers
Water Resource Specialists
Zoologists and Wildlife Biologists
Agricultural Workers, All Other
Biological Technicians
Farmworkers and Laborers, Crop
Farmworkers and Laborers, Crop, Nursery, and Greenhouse
Nursery Workers
Pesticide Handlers, Sprayers, and Applicators, Vegetation
Soil and Plant Scientists
Tree Trimmers and Pruners
Agricultural Engineers
Agricultural Equipment Operators
Farm Equipment Mechanics and Service Technicians
Brickmasons and Blockmasons
Carpenters
Carpet Installers
Cement Masons and Concrete Finishers
Construction Carpenters
Construction Laborers
Construction Managers
Continuous Mining Machine Operators
Conveyor Operators and Tenders
Crane and Tower Operators
Derrick Operators, Oil and Gas
Dredge Operators
Drywall and Ceiling Tile Installers
Earth Drillers, Except Oil and Gas
Electricians
Excavating and Loading Machine and Dragline Operators
Explosives Workers, Ordnance Handling Experts, and Blasters
Extraction Workers, All Other
Fence Erectors
First-Line Supervisors of Construction Trades and Extraction Workers
Floor Layers, Except Carpet, Wood, and Hard Tiles
Floor Sanders and Finishers
Glaziers
Helpers, Construction Trades, All Other
Helpers--Brickmasons, Blockmasons, Stonemasons, and Tile and Marble Setters
Helpers--Carpenters
Helpers--Electricians
Helpers--Extraction Workers
Helpers--Painters, Paperhangers, Plasterers, and Stucco Masons
Helpers--Pipelayers, Plumbers, Pipefitters, and Steamfitters
Helpers--Roofers
Hoist and Winch Operators
Insulation Workers, Floor, Ceiling, and Wall
Insulation Workers, Mechanical
Loading Machine Operators, Underground Mining
Manufactured Building and Mobile Home Installers
Mine Cutting and Channeling Machine Operators
Mining Machine Operators, All Other
Operating Engineers and Other Construction Equipment Operators
Painters, Construction and Maintenance
Paperhangers
Paving, Surfacing, and Tamping Equipment Operators
Pile-Driver Operators
Pipe Fitters and Steamfitters
Pipelayers
Plasterers and Stucco Masons
Plumbers
Plumbers, Pipefitters, and Steamfitters
Reinforcing Iron and Rebar Workers
Riggers
Rock Splitters, Quarry
Roof Bolters, Mining
Roofers
Rotary Drill Operators, Oil and Gas
Rough Carpenters
Roustabouts, Oil and Gas
Segmental Pavers
Service Unit Operators, Oil, Gas, and Mining
Sheet Metal Workers
Solar Energy Installation Managers
Solar Photovoltaic Installers
Stonemasons
Structural Iron and Steel Workers
Structural Metal Fabricators and Fitters
Tapers
Terrazzo Workers and Finishers
Tile and Marble Setters
Architects, Except Landscape and Naval
Architectural and Civil Drafters
Architectural Drafters
Civil Drafters
Civil Engineering Technicians
Civil Engineers
Cost Estimators
Geodetic Surveyors
Interior Designers
Landscape Architects
Mapping Technicians
Surveying and Mapping Technicians
Surveying Technicians
Surveyors
Transportation Engineers
Boilermakers
Commercial Divers
Construction and Related Workers, All Other
Control and Valve Installers and Repairers, Except Mechanical Door
Electrical Power-Line Installers and Repairers
Elevator Installers and Repairers
First-Line Supervisors of Landscaping, Lawn Service, and Groundskeeping Workers
Grounds Maintenance Workers, All Other
Heating and Air Conditioning Mechanics and Installers
Heating, Air Conditioning, and Refrigeration Mechanics and Installers
Helpers--Installation, Maintenance, and Repair Workers
Highway Maintenance Workers
Landscaping and Groundskeeping Workers
Mechanical Door Repairers
Millwrights
Refractory Materials Repairers, Except Brickmasons
Refrigeration Mechanics and Installers
Septic Tank Servicers and Sewer Pipe Cleaners
Solar Thermal Installers and Technicians
Stationary Engineers and Boiler Operators
Weatherization Installers and Technicians
Audio and Video Equipment Technicians
Broadcast News Analysts
Broadcast Technicians
Camera Operators, Television, Video, and Motion Picture
Copy Writers
Editors
Film and Video Editors
Media and Communication Equipment Workers, All Other
Media and Communication Workers, All Other
Photographers
Poets, Lyricists and Creative Writers
Radio and Television Announcers
Radio Operators
Reporters and Correspondents
Sound Engineering Technicians
Technical Writers
Writers and Authors
Actors
Agents and Business Managers of Artists, Performers, and Athletes
Choreographers
Costume Attendants
Dancers
Directors- Stage, Motion Pictures, Television, and Radio
Entertainers and Performers, Sports and Related Workers, All Other
Makeup Artists, Theatrical and Performance
Music Composers and Arrangers
Music Directors
Music Directors and Composers
Musicians and Singers
Musicians, Instrumental
Producers
Producers and Directors
Program Directors
Public Address System and Other Announcers
Singers
Talent Directors
Technical Directors/Managers
Desktop Publishers
Prepress Technicians and Workers
Print Binding and Finishing Workers
Printing Press Operators
Proofreaders and Copy Markers
Telecommunications Equipment Installers and Repairers, Except Line Installers
Telecommunications Line Installers and Repairers
Art Directors
Artists and Related Workers, All Other
Commercial and Industrial Designers
Craft Artists
Designers, All Other
Fashion Designers
Fine Artists, Including Painters, Sculptors, and Illustrators
Floral Designers
Graphic Designers
Multimedia Artists and Animators
Set and Exhibit Designers
Bookkeeping, Accounting, and Auditing Clerks
Communications Equipment Operators, All Other
Computer Operators
Correspondence Clerks
Customer Service Representatives
Data Entry Keyers
Executive Secretaries and Executive Administrative Assistants
File Clerks
First-Line Supervisors of Office and Administrative Support Workers
Human Resources Assistants, Except Payroll and Timekeeping
Information and Record Clerks, All Other
Interviewers, Except Eligibility and Loan
Library Assistants, Clerical
Mail Clerks and Mail Machine Operators, Except Postal Service
Marking Clerks
Meter Readers, Utilities
New Accounts Clerks
Office and Administrative Support Workers, All Other
Office Clerks, General
Office Machine Operators, Except Computer
Order Clerks
Order Fillers, Wholesale and Retail Sales
Patient Representatives
Payroll and Timekeeping Clerks
Postal Service Clerks
Postal Service Mail Carriers
Postal Service Mail Sorters, Processors, and Processing Machine Operators
Procurement Clerks
Receptionists and Information Clerks
Secretaries and Administrative Assistants, Except Legal, Medical, and Executive
Shipping, Receiving, and Traffic Clerks
Stock Clerks and Order Fillers
Stock Clerks, Sales Floor
Stock Clerks- Stockroom, Warehouse, or Storage Yard
Switchboard Operators, Including Answering Service
Telephone Operators
Word Processors and Typists
Computer and Information Systems Managers
Brownfield Redevelopment Specialists and Site Managers
Chief Executives
Chief Sustainability Officers
Compliance Managers
General and Operations Managers
Investment Fund Managers
Loss Prevention Managers
Managers, All Other
Regulatory Affairs Managers
Security Managers
Supply Chain Managers
Wind Energy Operations Managers
Wind Energy Project Managers
Compensation and Benefits Managers
Compensation, Benefits, and Job Analysis Specialists
Human Resources Managers
Human Resources Specialists
Labor Relations Specialists
Training and Development Managers
Training and Development Specialists
Administrative Services Managers
Biofuels Production Managers
Biomass Power Plant Managers
Business Continuity Planners
Business Operations Specialists, All Other
Customs Brokers
Energy Auditors
Fundraisers
Geothermal Production Managers
Hydroelectric Production Managers
Industrial Production Managers
Management Analysts
Meeting, Convention, and Event Planners
Methane/Landfill Gas Collection System Operators
Online Merchants
Operations Research Analysts
Purchasing Managers
Quality Control Systems Managers
Security Management Specialists
Sustainability Specialists
Distance Learning Coordinators
Education Administrators, All Other
Education Administrators, Elementary and Secondary School
Education Administrators, Postsecondary
Education Administrators, Preschool and Childcare Center/Program
Fitness and Wellness Coordinators
Archivists
Audio-Visual and Multimedia Collections Specialists
Curators
Educational, Guidance, School, and Vocational Counselors
Instructional Coordinators
Instructional Designers and Technologists
Interpreters and Translators
Librarians
Library Technicians
Museum Technicians and Conservators
Adapted Physical Education Specialists
Adult Basic and Secondary Education and Literacy Teachers and Instructors
Agricultural Sciences Teachers, Postsecondary
Anthropology and Archeology Teachers, Postsecondary
Architecture Teachers, Postsecondary
Area, Ethnic, and Cultural Studies Teachers, Postsecondary
Art, Drama, and Music Teachers, Postsecondary
Atmospheric, Earth, Marine, and Space Sciences Teachers, Postsecondary
Biological Science Teachers, Postsecondary
Business Teachers, Postsecondary
Career/Technical Education Teachers, Middle School
Career/Technical Education Teachers, Secondary School
Chemistry Teachers, Postsecondary
Coaches and Scouts
Communications Teachers, Postsecondary
Computer Science Teachers, Postsecondary
Criminal Justice and Law Enforcement Teachers, Postsecondary
Economics Teachers, Postsecondary
Education Teachers, Postsecondary
Education, Training, and Library Workers, All Other
Elementary School Teachers, Except Special Education
Engineering Teachers, Postsecondary
English Language and Literature Teachers, Postsecondary
Environmental Science Teachers, Postsecondary
Farm and Home Management Advisors
Foreign Language and Literature Teachers, Postsecondary
Forestry and Conservation Science Teachers, Postsecondary
Geography Teachers, Postsecondary
Graduate Teaching Assistants
Health Specialties Teachers, Postsecondary
History Teachers, Postsecondary
Home Economics Teachers, Postsecondary
Kindergarten Teachers, Except Special Education
Law Teachers, Postsecondary
Library Science Teachers, Postsecondary
Mathematical Science Teachers, Postsecondary
Middle School Teachers, Except Special and Career/Technical Education
Nursing Instructors and Teachers, Postsecondary
Philosophy and Religion Teachers, Postsecondary
Physics Teachers, Postsecondary
Political Science Teachers, Postsecondary
Postsecondary Teachers, All Other
Preschool Teachers, Except Special Education
Psychology Teachers, Postsecondary
Recreation and Fitness Studies Teachers, Postsecondary
Secondary School Teachers, Except Special and Career/Technical Education
Self-Enrichment Education Teachers
Social Sciences Teachers, Postsecondary, All Other
Social Work Teachers, Postsecondary
Sociology Teachers, Postsecondary
Special Education Teachers, All Other
Special Education Teachers, Kindergarten and Elementary School
Special Education Teachers, Middle School
Special Education Teachers, Preschool
Special Education Teachers, Secondary School
Teacher Assistants
Teachers and Instructors, All Other
Tutors
Vocational Education Teachers, Postsecondary
Accountants
Accountants and Auditors
Auditors
Bill and Account Collectors
Credit Analysts
Credit Authorizers
Credit Authorizers, Checkers, and Clerks
Credit Checkers
Financial Clerks, All Other
Loan Interviewers and Clerks
Loan Officers
Tellers
Budget Analysts
Financial Analysts
Financial Managers
Financial Managers, Branch or Department
Tax Preparers
Treasurers and Controllers
Actuaries
Claims Adjusters, Examiners, and Investigators
Claims Examiners, Property and Casualty Insurance
Insurance Adjusters, Examiners, and Investigators
Insurance Appraisers, Auto Damage
Insurance Claims and Policy Processing Clerks
Insurance Claims Clerks
Insurance Policy Processing Clerks
Insurance Sales Agents
Insurance Underwriters
Brokerage Clerks
Financial Quantitative Analysts
Financial Specialists, All Other
Fraud Examiners, Investigators and Analysts
Investment Underwriters
Personal Financial Advisors
Risk Management Specialists
Sales Agents, Financial Services
Sales Agents, Securities and Commodities
Securities and Commodities Traders
Securities, Commodities, and Financial Services Sales Agents
Aviation Inspectors
Compliance Officers
Coroners
Environmental Compliance Inspectors
Equal Opportunity Representatives and Officers
Financial Examiners
Freight and Cargo Inspectors
Government Property Inspectors and Investigators
Legislators
Licensing Examiners and Inspectors
Regulatory Affairs Specialists
Transportation Inspectors
Transportation Vehicle, Equipment and Systems Inspectors, Except Aviation
Air Crew Members
Air Crew Officers
Aircraft Launch and Recovery Officers
Aircraft Launch and Recovery Specialists
Armored Assault Vehicle Crew Members
Armored Assault Vehicle Officers
Artillery and Missile Crew Members
Artillery and Missile Officers
Command and Control Center Officers
Command and Control Center Specialists
First-Line Supervisors of Air Crew Members
First-Line Supervisors of All Other Tactical Operations Specialists
First-Line Supervisors of Weapons Specialists/Crew Members
Infantry
Infantry Officers
Military Enlisted Tactical Operations and Air/Weapons Specialists and Crew Members, All Other
Military Officer Special and Tactical Operations Leaders, All Other
Radar and Sonar Technicians
Special Forces
Special Forces Officers
Transportation Security Screeners
Bioinformatics Technicians
Statistical Assistants
Urban and Regional Planners
Court Clerks
Court, Municipal, and License Clerks
Eligibility Interviewers, Government Programs
Emergency Management Directors
License Clerks
Municipal Clerks
Postmasters and Mail Superintendents
Agricultural Inspectors
Construction and Building Inspectors
Occupational Health and Safety Specialists
Occupational Health and Safety Technicians
Appraisers and Assessors of Real Estate
Appraisers, Real Estate
Assessors
Tax Examiners and Collectors, and Revenue Agents
Biomedical Engineers
Medical Scientists, Except Epidemiologists
Cardiovascular Technologists and Technicians
Cytogenetic Technologists
Cytotechnologists
Diagnostic Medical Sonographers
Epidemiologists
Health Technologists and Technicians, All Other
Histotechnologists and Histologic Technicians
Magnetic Resonance Imaging Technologists
Medical and Clinical Laboratory Technicians
Medical and Clinical Laboratory Technologists
Neurodiagnostic Technologists
Nuclear Medicine Technologists
Ophthalmic Medical Technologists
Radiologic Technicians
Radiologic Technologists
Surgical Assistants
Veterinary Technologists and Technicians
Medical Records and Health Information Technicians
Medical Secretaries
Medical Transcriptionists
Endoscopy Technicians
Healthcare Support Workers, All Other
Medical and Health Services Managers
Medical Equipment Preparers
Orderlies
Pharmacy Aides
Phlebotomists
Speech-Language Pathology Assistants
Veterinary Assistants and Laboratory Animal Caretakers
Acupuncturists
Acute Care Nurses
Advanced Practice Psychiatric Nurses
Allergists and Immunologists
Anesthesiologist Assistants
Anesthesiologists
Art Therapists
Athletic Trainers
Audiologists
Chiropractors
Clinical Nurse Specialists
Critical Care Nurses
Dental Assistants
Dental Hygienists
Dentists, All Other Specialists
Dentists, General
Dermatologists
Dietetic Technicians
Dietitians and Nutritionists
Exercise Physiologists
Family and General Practitioners
Genetic Counselors
Health Diagnosing and Treating Practitioners, All Other
Healthcare Practitioners and Technical Workers, All Other
Hearing Aid Specialists
Home Health Aides
Hospitalists
Internists, General
Licensed Practical and Licensed Vocational Nurses
Low Vision Therapists, Orientation and Mobility Specialists, and Vision Rehabilitation Therapists
Medical Assistants
Midwives
Music Therapists
Naturopathic Physicians
Neurologists
Nuclear Medicine Physicians
Nurse Anesthetists
Nurse Midwives
Nurse Practitioners
Nursing Assistants
Obstetricians and Gynecologists
Occupational Therapists
Occupational Therapy Aides
Occupational Therapy Assistants
Ophthalmic Medical Technicians
Ophthalmologists
Opticians, Dispensing
Optometrists
Oral and Maxillofacial Surgeons
Orthodontists
Orthoptists
Orthotists and Prosthetists
Pathologists
Pediatricians, General
Pharmacists
Pharmacy Technicians
Physical Medicine and Rehabilitation Physicians
Physical Therapist Aides
Physical Therapist Assistants
Physical Therapists
Physician Assistants
Physicians and Surgeons, All Other
Podiatrists
Preventive Medicine Physicians
Prosthodontists
Psychiatric Aides
Psychiatric Technicians
Psychiatrists
Radiation Therapists
Radiologists
Recreational Therapists
Registered Nurses
Respiratory Therapists
Respiratory Therapy Technicians
Speech-Language Pathologists
Sports Medicine Physicians
Surgeons
Surgical Technologists
Therapists, All Other
Urologists
Veterinarians
Baggage Porters and Bellhops
Building Cleaning Workers, All Other
Concierges
First-Line Supervisors of Housekeeping and Janitorial Workers
Hotel, Motel, and Resort Desk Clerks
Janitors and Cleaners, Except Maids and Housekeeping Cleaners
Lodging Managers
Maids and Housekeeping Cleaners
Amusement and Recreation Attendants
Animal Trainers
Athletes and Sports Competitors
Entertainment Attendants and Related Workers, All Other
Gaming and Sports Book Writers and Runners
Gaming Cage Workers
Gaming Change Persons and Booth Cashiers
Gaming Dealers
Gaming Managers
Gaming Service Workers, All Other
Gaming Supervisors
Motion Picture Projectionists
Recreation Workers
Slot Supervisors
Umpires, Referees, and Other Sports Officials
Ushers, Lobby Attendants, and Ticket Takers
Bakers
Baristas
Bartenders
Chefs and Head Cooks
Combined Food Preparation and Serving Workers, Including Fast Food
Cooks, All Other
Cooks, Fast Food
Cooks, Institution and Cafeteria
Cooks, Private Household
Cooks, Restaurant
Cooks, Short Order
Counter Attendants, Cafeteria, Food Concession, and Coffee Shop
Dining Room and Cafeteria Attendants and Bartender Helpers
Dishwashers
First-Line Supervisors of Food Preparation and Serving Workers
Food Preparation and Serving Related Workers, All Other
Food Preparation Workers
Food Servers, Nonrestaurant
Food Service Managers
Hosts and Hostesses, Restaurant, Lounge, and Coffee Shop
Waiters and Waitresses
Reservation and Transportation Ticket Agents and Travel Clerks
Tour Guides and Escorts
Travel Agents
Travel Guides
Credit Counselors
Loan Counselors
Clinical Psychologists
Clinical, Counseling, and School Psychologists
Counseling Psychologists
Counselors, All Other
Industrial-Organizational Psychologists
Marriage and Family Therapists
Mental Health and Substance Abuse Social Workers
Mental Health Counselors
Neuropsychologists and Clinical Neuropsychologists
Psychologists, All Other
Rehabilitation Counselors
School Psychologists
Substance Abuse and Behavioral Disorder Counselors
Childcare Workers
Nannies
Child, Family, and School Social Workers
Clergy
Community and Social Service Specialists, All Other
Community Health Workers
Directors, Religious Activities and Education
Health Educators
Healthcare Social Workers
Religious Workers, All Other
Social and Community Service Managers
Social and Human Service Assistants
Social Workers, All Other
Barbers
Embalmers
First-Line Supervisors of Personal Service Workers
Fitness Trainers and Aerobics Instructors
Funeral Attendants
Funeral Service Managers
Hairdressers, Hairstylists, and Cosmetologists
Laundry and Dry-Cleaning Workers
Locker Room, Coatroom, and Dressing Room Attendants
Manicurists and Pedicurists
Massage Therapists
Morticians, Undertakers, and Funeral Directors
Personal Care Aides
Personal Care and Service Workers, All Other
Pressers, Textile, Garment, and Related Materials
Residential Advisors
Shampooers
Skincare Specialists
Spa Managers
Tailors, Dressmakers, and Custom Sewers
Business Intelligence Analysts
Computer Occupations, All Other
Computer Systems Engineers/Architects
Computer User Support Specialists
Data Warehousing Specialists
Database Architects
Document Management Specialists
Geographic Information Systems Technicians
Geospatial Information Scientists and Technologists
Information Technology Project Managers
Search Marketing Strategists
Software Quality Assurance Engineers and Testers
Video Game Designers
Web Administrators
Computer Network Architects
Computer Network Support Specialists
Network Support
Database Administrators
Android Developer
Information Security Analysts
Network and Computer Systems Administrators
Telecommunications Engineering Specialists
Computer Programmers
Computer Systems Analysts

Regional IT Support
Linux Suse Enterprise desktop support
Senior Officer
Social Marketing
Assistant Manager IT
Informatics Nurse Specialists
Software Developers, Applications
Software Developers, Systems Software
Web Developers
Regional IT Coordinator
Correctional Officers and Jailers
First-Line Supervisors of Correctional Officers
Probation Officers and Correctional Treatment Specialists
Emergency Medical Technicians and Paramedics
Fire Inspectors
Fire Inspectors and Investigators
Fire Investigators
Firefighters
First-Line Supervisors of Fire Fighting and Prevention Workers
Forest Fire Fighting and Prevention Supervisors
Forest Fire Inspectors and Prevention Specialists
Forest Firefighters
Municipal Fire Fighting and Prevention Supervisors
Municipal Firefighters
Police, Fire, and Ambulance Dispatchers
Animal Control Workers
Criminal Investigators and Special Agents
Detectives and Criminal Investigators
First-Line Supervisors of Police and Detectives
Fish and Game Wardens
Forensic Science Technicians
Immigration and Customs Inspectors
Intelligence Analysts
Parking Enforcement Workers
Police and Sheriff's Patrol Officers
Police Detectives
Police Identification and Records Officers
Police Patrol Officers
Private Detectives and Investigators
Sheriffs and Deputy Sheriffs
Transit and Railroad Police
Administrative Law Judges, Adjudicators, and Hearing Officers
Arbitrators, Mediators, and Conciliators
Court Reporters
Judges, Magistrate Judges, and Magistrates
Judicial Law Clerks
Lawyers
Legal Secretaries
Legal Support Workers, All Other
Paralegals and Legal Assistants
Title Examiners, Abstractors, and Searchers
Bailiffs
Crossing Guards
First-Line Supervisors of Protective Service Workers, All Other
Gaming Surveillance Officers and Gaming Investigators
Lifeguards, Ski Patrol, and Other Recreational Protective Service Workers
Protective Service Workers, All Other
Retail Loss Prevention Specialists
Security Guards
Camera and Photographic Equipment Repairers
Coin, Vending, and Amusement Machine Servicers and Repairers
Computer, Automated Teller, and Office Machine Repairers
Electric Motor, Power Tool, and Related Repairers
Electrical and Electronics Repairers, Commercial and Industrial Equipment
Electrical and Electronics Repairers, Powerhouse, Substation, and Relay
Electronic Home Entertainment Equipment Installers and Repairers
Fabric Menders, Except Garment
First-Line Supervisors of Mechanics, Installers, and Repairers
Geothermal Technicians
Home Appliance Repairers
Industrial Machinery Mechanics
Installation, Maintenance, and Repair Workers, All Other
Locksmiths and Safe Repairers
Maintenance and Repair Workers, General
Maintenance Workers, Machinery
Medical Appliance Technicians
Medical Equipment Repairers
Musical Instrument Repairers and Tuners
Outdoor Power Equipment and Other Small Engine Mechanics
Precision Instrument and Equipment Repairers, All Other
Radio Mechanics
Radio, Cellular, and Tower Equipment Installers and Repairers
Security and Fire Alarm Systems Installers
Watch Repairers
Wind Turbine Service Technicians
Aerospace Engineering and Operations Technicians
Automotive Engineering Technicians
Chemical Technicians
Drafters, All Other
Electrical and Electronic Engineering Technicians
Electrical and Electronics Drafters
Electrical Drafters
Electrical Engineering Technicians
Electrical Engineering Technologists
Electro-Mechanical Technicians
Electromechanical Engineering Technologists
Electronic Drafters
Electronics Engineering Technicians
Electronics Engineering Technologists
Engineering Technicians, Except Drafters, All Other
Fuel Cell Technicians
Industrial Engineering Technicians
Industrial Engineering Technologists
Manufacturing Engineering Technologists
Manufacturing Production Technicians
Mechanical Drafters
Mechanical Engineering Technicians
Mechanical Engineering Technologists
Nanotechnology Engineering Technicians
Nanotechnology Engineering Technologists
Non-Destructive Testing Specialists
Nuclear Equipment Operation Technicians
Nuclear Monitoring Technicians
Nuclear Technicians
Photonics Technicians
Purchasing Agents, Except Wholesale, Retail, and Farm Products
Robotics Technicians
Adhesive Bonding Machine Operators and Tenders
Aircraft Structure, Surfaces, Rigging, and Systems Assemblers
Assemblers and Fabricators, All Other
Biofuels Processing Technicians
Biomass Plant Technicians
Butchers and Meat Cutters
Cabinetmakers and Bench Carpenters
Chemical Equipment Operators and Tenders
Chemical Plant and System Operators
Cleaning, Washing, and Metal Pickling Equipment Operators and Tenders
Coating, Painting, and Spraying Machine Setters, Operators, and Tenders
Coil Winders, Tapers, and Finishers
Computer Numerically Controlled Machine Tool Programmers, Metal and Plastic
Computer-Controlled Machine Tool Operators, Metal and Plastic
Cooling and Freezing Equipment Operators and Tenders
Crushing, Grinding, and Polishing Machine Setters, Operators, and Tenders
Cutters and Trimmers, Hand
Cutting and Slicing Machine Setters, Operators, and Tenders
Cutting, Punching, and Press Machine Setters, Operators, and Tenders, Metal and Plastic
Dental Laboratory Technicians
Drilling and Boring Machine Tool Setters, Operators, and Tenders, Metal and Plastic
Electrical and Electronic Equipment Assemblers
Electromechanical Equipment Assemblers
Engine and Other Machine Assemblers
Etchers and Engravers
Extruding and Drawing Machine Setters, Operators, and Tenders, Metal and Plastic
Extruding and Forming Machine Setters, Operators, and Tenders, Synthetic and Glass Fibers
Extruding, Forming, Pressing, and Compacting Machine Setters, Operators, and Tenders
Fabric and Apparel Patternmakers
Fiberglass Laminators and Fabricators
First-Line Supervisors of Production and Operating Workers
Food and Tobacco Roasting, Baking, and Drying Machine Operators and Tenders
Food Batchmakers
Food Cooking Machine Operators and Tenders
Food Processing Workers, All Other
Forging Machine Setters, Operators, and Tenders, Metal and Plastic
Foundry Mold and Coremakers
Furnace, Kiln, Oven, Drier, and Kettle Operators and Tenders
Furniture Finishers
Gas Plant Operators
Gem and Diamond Workers
Glass Blowers, Molders, Benders, and Finishers
Grinding and Polishing Workers, Hand
Grinding, Lapping, Polishing, and Buffing Machine Tool Setters, Operators, and Tenders, Metal and Plastic
Heat Treating Equipment Setters, Operators, and Tenders, Metal and Plastic
Helpers--Production Workers
Hydroelectric Plant Technicians
Jewelers
Jewelers and Precious Stone and Metal Workers
Lathe and Turning Machine Tool Setters, Operators, and Tenders, Metal and Plastic
Layout Workers, Metal and Plastic
Machine Feeders and Offbearers
Machinists
Meat, Poultry, and Fish Cutters and Trimmers
Metal Workers and Plastic Workers, All Other
Metal-Refining Furnace Operators and Tenders
Methane/Landfill Gas Generation System Technicians
Milling and Planing Machine Setters, Operators, and Tenders, Metal and Plastic
Mixing and Blending Machine Setters, Operators, and Tenders
Model Makers, Metal and Plastic
Model Makers, Wood
Molders, Shapers, and Casters, Except Metal and Plastic
Molding and Casting Workers
Molding, Coremaking, and Casting Machine Setters, Operators, and Tenders, Metal and Plastic
Multiple Machine Tool Setters, Operators, and Tenders, Metal and Plastic
Nuclear Power Reactor Operators
Ophthalmic Laboratory Technicians
Packaging and Filling Machine Operators and Tenders
Painters, Transportation Equipment
Painting, Coating, and Decorating Workers
Paper Goods Machine Setters, Operators, and Tenders
Patternmakers, Metal and Plastic
Patternmakers, Wood
Petroleum Pump System Operators, Refinery Operators, and Gaugers
Photographic Process Workers and Processing Machine Operators
Plant and System Operators, All Other
Plating and Coating Machine Setters, Operators, and Tenders, Metal and Plastic
Potters, Manufacturing
Pourers and Casters, Metal
Power Distributors and Dispatchers
Power Plant Operators
Precious Metal Workers
Production Workers, All Other
Recycling and Reclamation Workers
Rolling Machine Setters, Operators, and Tenders, Metal and Plastic
Sawing Machine Setters, Operators, and Tenders, Wood
Semiconductor Processors
Separating, Filtering, Clarifying, Precipitating, and Still Machine Setters, Operators, and Tenders
Sewers, Hand
Sewing Machine Operators
Shoe and Leather Workers and Repairers
Shoe Machine Operators and Tenders
Slaughterers and Meat Packers
Solderers and Brazers
Stone Cutters and Carvers, Manufacturing
Team Assemblers
Textile Bleaching and Dyeing Machine Operators and Tenders
Textile Cutting Machine Setters, Operators, and Tenders
Textile Knitting and Weaving Machine Setters, Operators, and Tenders
Textile Winding, Twisting, and Drawing Out Machine Setters, Operators, and Tenders
Textile, Apparel, and Furnishings Workers, All Other
Timing Device Assemblers and Adjusters
Tire Builders
Tool and Die Makers
Tool Grinders, Filers, and Sharpeners
Upholsterers
Welders, Cutters, and Welder Fitters
Welders, Cutters, Solderers, and Brazers
Welding, Soldering, and Brazing Machine Setters, Operators, and Tenders
Woodworkers, All Other
Woodworking Machine Setters, Operators, and Tenders, Except Sawing
Inspectors, Testers, Sorters, Samplers, and Weighers
Production, Planning, and Expediting Clerks
Weighers, Measurers, Checkers, and Samplers, Recordkeeping
Public Relations Specialists
Advertising and Promotions Managers
Green Marketers
Marketing Managers
Property, Real Estate, and Community Association Managers
Public Relations and Fundraising Managers
Sales Managers
Market Research Analysts and Marketing Specialists
Merchandise Displayers and Window Trimmers
Models
Wholesale and Retail Buyers, Except Farm Products
Advertising Sales Agents
Cashiers
Counter and Rental Clerks
Demonstrators and Product Promoters
Door-To-Door Sales Workers, News and Street Vendors, and Related Workers
Driver/Sales Workers
Energy Brokers
First-Line Supervisors of Non-Retail Sales Workers
First-Line Supervisors of Retail Sales Workers
Parts Salespersons
Real Estate Brokers
Real Estate Sales Agents
Retail Salespersons
Sales and Related Workers, All Other
Sales Engineers
Sales Representatives, Services, All Other
Sales Representatives, Wholesale and Manufacturing, Except Technical and Scientific Products
Sales Representatives, Wholesale and Manufacturing, Technical and Scientific Products
Solar Sales Representatives and Assessors
Telemarketers
Aerospace Engineers
Architectural and Engineering Managers
Automotive Engineers
Biochemical Engineers
Biofuels/Biodiesel Technology and Product Development Managers
Chemical Engineers
Computer Hardware Engineers
Electrical Engineers
Electronics Engineers, Except Computer
Energy Engineers
Engineers, All Other
Fire-Prevention and Protection Engineers
Fuel Cell Engineers
Health and Safety Engineers, Except Mining Safety Engineers and Inspectors
Human Factors Engineers and Ergonomists
Industrial Engineers
Industrial Safety and Health Engineers
Manufacturing Engineers
Marine Architects
Marine Engineers
Marine Engineers and Naval Architects
Materials Engineers
Mechanical Engineers
Mechatronics Engineers
Microsystems Engineers
Mining and Geological Engineers, Including Mining Safety Engineers
Nanosystems Engineers
Nuclear Engineers
Petroleum Engineers
Photonics Engineers
Product Safety Engineers
Radio Frequency Identification Device Specialists
Robotics Engineers
Solar Energy Systems Engineers
Validation Engineers
Wind Energy Engineers
Anthropologists
Anthropologists and Archeologists
Archeologists
Astronomers
Atmospheric and Space Scientists
Biochemists and Biophysicists
Bioinformatics Scientists
Biological Scientists, All Other
Biostatisticians
Cartographers and Photogrammetrists
Chemists
City and Regional Planning Aides
Climate Change Analysts
Clinical Data Managers
Computer and Information Research Scientists
Conservation Scientists
Economists
Environmental Economists
Environmental Restoration Planners
Environmental Scientists and Specialists, Including Health
Geneticists
Geographers
Geoscientists, Except Hydrologists and Geographers
Historians
Hydrologists
Industrial Ecologists
Life Scientists, All Other
Life, Physical, and Social Science Technicians, All Other
Materials Scientists
Mathematical Science Occupations, All Other
Mathematical Technicians
Mathematicians
Microbiologists
Molecular and Cellular Biologists
Park Naturalists
Physical Scientists, All Other
Physicists
Political Scientists
Precision Agriculture Technicians
Quality Control Analysts
Range Managers
Remote Sensing Scientists and Technologists
Remote Sensing Technicians
Social Science Research Assistants
Social Scientists and Related Workers, All Other
Sociologists
Soil and Water Conservationists
Statisticians
Survey Researchers
Transportation Planners
Aircraft Mechanics and Service Technicians
Automotive and Watercraft Service Attendants
Automotive Body and Related Repairers
Automotive Glass Installers and Repairers
Automotive Master Mechanics
Automotive Service Technicians and Mechanics
Automotive Specialty Technicians
Avionics Technicians
Bicycle Repairers
Bus and Truck Mechanics and Diesel Engine Specialists
Cleaners of Vehicles and Equipment
Electrical and Electronics Installers and Repairers, Transportation Equipment
Electronic Equipment Installers and Repairers, Motor Vehicles
Mobile Heavy Equipment Mechanics, Except Engines
Motorboat Mechanics and Service Technicians
Motorcycle Mechanics
Rail Car Repairers
Rail-Track Laying and Maintenance Equipment Operators
Recreational Vehicle Service Technicians
Signal and Track Switch Repairers
Tire Repairers and Changers
Dispatchers, Except Police, Fire, and Ambulance
Logisticians
Logistics Analysts
Logistics Engineers
Logistics Managers
Storage and Distribution Managers
Transportation Managers
Transportation, Storage, and Distribution Managers
Billing and Posting Clerks
Billing, Cost, and Rate Clerks
Cargo and Freight Agents
Freight Forwarders
Parking Lot Attendants
Statement Clerks
Aircraft Cargo Handling Supervisors
Airline Pilots, Copilots, and Flight Engineers
Ambulance Drivers and Attendants, Except Emergency Medical Technicians
Bridge and Lock Tenders
Bus Drivers, School or Special Client
Bus Drivers, Transit and Intercity
Captains, Mates, and Pilots of Water Vessels
Commercial Pilots
Couriers and Messengers
First-Line Supervisors of Helpers, Laborers, and Material Movers, Hand
First-Line Supervisors of Transportation and Material-Moving Machine and Vehicle Operators
Flight Attendants
Gas Compressor and Gas Pumping Station Operators
Heavy and Tractor-Trailer Truck Drivers
Industrial Truck and Tractor Operators
Laborers and Freight, Stock, and Material Movers, Hand
Light Truck or Delivery Services Drivers
Locomotive Engineers
Locomotive Firers
Material Moving Workers, All Other
Mates- Ship, Boat, and Barge
Mine Shuttle Car Operators
Motor Vehicle Operators, All Other
Motorboat Operators
Packers and Packagers, Hand
Pilots, Ship
Pump Operators, Except Wellhead Pumpers
Rail Transportation Workers, All Other
Rail Yard Engineers, Dinkey Operators, and Hostlers
Railroad Brake, Signal, and Switch Operators
Railroad Conductors and Yardmasters
Recycling Coordinators
Sailors and Marine Oilers
Ship and Boat Captains
Ship Engineers
Subway and Streetcar Operators
Tank Car, Truck, and Ship Loaders
Taxi Drivers and Chauffeurs
Transportation Attendants, Except Flight Attendants
Transportation Workers, All Other
Wellhead Pumpers
Air Traffic Controllers
Airfield Operations Specialists
Traffic Technicians
business analyst
business development manager
director analytics
business intelligence analyst
senior business analyst
business development
analytics manager
marketing manager
director business development
business manager
chief analytics officer
vp marketing
business intelligence developer
digital marketing manager
director marketing
vp business development
chief marketing officer
business intelligence engineer
head analytics
marketing specialist
analytics lead
business intelligence manager
director  business development
manager   analytics
marketing director
business development executive
vice president marketing
vp analytics
advanced analytics
analytics specialist
business head
operations
analytics director
director  business analytics
director operations
manager analytics
manager data analytics
operations manager
senior manager  analytics
web analytics manager
hr business partner
vice president   analytics
vice president business development
it business analyst
marketing analyst
senior marketing analyst
technical business analyst
advanced analytics consulting
analytics
analytics professional
business analytics intern
business owner
head business intelligence
head marketing
marketing
marketing analytics
mccombs school business
new business development
senior business analytics specialist
statistics   analytics
business analytics manager
business development director
data analytics manager
director   solutions marketing
director  analytics
director  data analytics
director  digital analytics
director  web analytics
director business operations
director integrated marketing
director product marketing
director search marketing
group director analytics
manager  business analytics
manager  digital analytics
manager customer analytics
manager operations
marketing communications manager
marketing operations manager
risk analytics manager
senior analytics manager
senior director  analytics
senior director  marketing analytics
senior director business development
senior director marketing
avp   analytics
chief analytics officer (cao)
chief marketing officer (cmo)
human resources business partner
partner  analytics
sales marketing executive
vice president  analytics
vice president  business development
vice president  operations
vice president analytics
vice president operations
vp  marketing
vp marketing science
vp product marketing
vp sales   marketing
vp sales marketing
associate business analyst
business data analyst
business intelligence data analyst
database marketing analyst
operations research analyst
senior quantitative business analyst
sr  business analyst
consultant
senior consultant
principal consultant
analytics consultant
independent consultant
business consultant
business intelligence consultant
staffing consultant
associate consultant
management consultant
statistical consultant
recruiting consultant
recruitment consultant
sr  consultant
technical consultant
it consultant
managing consultant
sr  talent acquisition consultant
talent acquisition consultant
bi consultant
data analytics consultant
analytical consultant
data consultant
data science consultant
executive search consultant
lead consultant
senior recruiting consultant
sr  analytics consultant
sr consultant
strategy consultant
technology consultant
advanced analytics consultant
analytic consultant
assistant consultant
big data   analytics consultant
big data consultant
business system consultant
consultant owner
consultant statistician
data scientist   consultant
data warehouse consultant
digital consultant
executive consultant
freelance consultant
marketing communications consultant
project consultant
risk consultant
risk management consultant
sales consultant
sas consultant
search consultant
senior analytics consultant
senior associate consultant
senior business intelligence consultant
senior data mining consultant
senior recruitment consultant
senior solutions consultant
sr sas consultant
talent management consultant
solutions architect
data architect
solution architect
technical architect
architect
enterprise architect
systems architect
principal architect
big data architect
senior solutions architect
senior technical architect
chief architect
bi architect
enterprise information architect
senior architect
senior data architect
software architect
technology architect
lead solutions architect
principal enterprise architect
data scientist
senior data scientist
chief data scientist
chief scientist
principal data scientist
lead data scientist
senior scientist
director data science
scientist
principal scientist
data science intern
datasciencecentral
decision scientist
sr  data scientist
staff data scientist
staff scientist
director  data science
lead scientist
analytic science   scientist ii
big data scientist
consulting data scientist
data science fellow
data science specialist
head data science
machine learning scientist
positive bioscience
sr  scientist
data science manager
data scientist   manager
data scientist manager
chief science officer
president chief scientist
vp  data scientist
principal analytic scientist
senior data science analyst
software engineer
senior software engineer
software developer
developer
sr software engineer
principal software engineer
software development engineer
staff software engineer
web developer
bi developer
senior developer
software development engineer
Application Lead Engineer
application developer
big data developer
hadoop developer
ios developer
java software engineer
quantitative developer
sas developer
senior database developer
senior software development engineer
sr software engineer
development manager
director product development
lead developer
software development manager
systems developer analyst
data engineer
engineer
vp engineering
systems engineer
engineering manager
sales engineer
system engineer
director engineering
lead engineer
vice president engineering
principal engineer
application engineer
senior systems engineer
senior director engineering
big data engineer
quality assurance engineer
quality engineer
senior consulting engineer
senior engineer
senior system engineer
solutions engineer
staff engineer
engineering program manager
sr director engineering
ceo
founder
president
director
owner
managing director
partner
co founder
principal
manager
managing partner
founder   ceo
vice president
data analyst
project manager
analyst
founder ceo
board member
advisor
cto
senior analyst
account manager
senior manager
executive director
chief technology officer
associate
assistant manager
president   ceo
chief executive officer
advisory board member
program manager
ceo   co founder
president ceo
ceo founder
co founder   ceo
teaching assistant
co founder ceo
account executive
ceo   founder
associate director
general manager
hr manager
chairman
member
director product management
product manager
sales director
senior director
senior project manager
team lead
founder   president
author
coo
database administrator
instructor
phd candidate
postdoctoral fellow
retired
senior associate
director human resources
senior program manager
technical lead
executive vice president
founder  ceo
quantitative analyst
web analyst
adjunct faculty
board advisors
cio
co founder cto
cofounder
entrepreneur
investor
mentor
sourcing specialist
delivery manager
human resources manager
project director
project lead
project leader
sales manager
chief operating officer
senior partner
senior data analyst
contractor
economist
editor
graduate teaching assistant
senior advisor
teacher
board directors
commercial director
director sales
engagement manager
founder director
resource manager
senior product manager
sr  account manager
associate partner
chief information officer
executive assistant
founder president
founding partner
president founder
senior vice president
managing principal
bi analyst
systems analyst
adjunct instructor
administrator
avp
bdm
cognizant technology solutions
csc
cto   co founder
founder owner
hr
hr generalist
human resources
ibm
intern
investment professional
member board trustees
microsoft
postdoctoral associate
private tutor
programmer
proprietor
self employed
subject matter expert
tata consultancy services
technical specialist
volunteer
analysis manager
associate manager
board director
director   co founder
director digital strategy
founder   managing director
group manager
key account manager
member board directors
non executive director
regional director
risk manager
technical manager
assistant vice president
ceo co founder
chief data officer
chief financial officer
chief risk officer
executive coach
founder   managing partner
president owner
sales executive
sr  account executive
vice president  human resources
vice president  product management
vice president sales
founder managing principal
credit risk analyst
financial analyst
risk analyst
system analyst
agm
amazon
assistant
attorney
bdi systems technologies pvt ltd
board observer
booz allen hamilton
capgemini
cfo
chair
co founder   coo
co founder   cto
co founder  cto
collabera
consulting
consulting member technical staff
coordinator
cto co founder
cto founder
data anayltics professional
data miner
E-Commerce Web Developer
data specialist
directeur général
dmr
editorial board member
enseignant
exusia  inc 
facilitator
faculty
fellow
fico
flubit
founder   owner
founder chairman
founder cto
google
growth hacker
head strategy
hewlett packard
Junior Software Developer
Assistant developer
independent
information management specialist
infosys
linkedin
machine learning specialist
mba candidate
member technical staff
oracle
organizer
owner operator
owner photographer
ph d  candidate
practice head
profesor
publisher
pyramid consulting
quadratic insights pvt  ltd 
quant
quantitative trader
reporter
saama technologies
sales associate
sales rep
sales representative
sap
scientific advisor
senior acquisitions editor
senior conference producer
senior data specialist
senior economist
senior member technical staff
solebrity  inc 
sr  data modeler
sr  hr generalist
strategic advisor
systems administrator
technical advisor
teradata
vp

account manager  team leader
board directors member
client relationship manager
co founder   director
co founder director
community manager
consulting director
content manager
data manager
data mining manager
deputy manager
digital campaign manager
director   founder
director  account management
director  advisory services
director  human resources
director  product management
director  strategy consulting
director consulting services
director data mining
director in charge
director information technology
director technology
division director
editorial director
founder   director
founder managing director
founding director
global conference director
human resources director
investment manager
it manager
lead associate
member  board directors
owner director
portfolio manager
practice director
program director
r d director
regional sales director
regional sales manager
senior account manager
senior director  product management
senior technical manager
sr  director
sr  director  human resources
sr  manager
sr  program manager
sr  project manager
strategic account manager
team leader
tech lead
technology account manager
associate vice president
ceo   president
ceo  founder
ceo owner
ceo president
chief digital officer
chief mentor
chief revenue officer
chief technical officer
co founder  ceo
executive resourcing
founder  managing partner
founder  president
founder  president   ceo
founder managing partner
general partner
owner president
president   co founder
president   owner
senior account executive
senior executive
sr account executive
vice president products
vp sales
founder   principal
principal   founder
principal dev lead
principal founder
principal member technical staff
senior principal
commercial analyst
crm analyst
lead analyst
performance analyst
programmer analyst
senior digital analyst
senior risk analyst
senior web analyst
sr analyst
recruiter
senior recruiter
technical recruiter
executive recruiter
recruiting manager
senior technical recruiter
sr  recruiter
director talent acquisition
sr  technical recruiter
senior corporate recruiter
director recruiting
talent acquisition manager
corporate recruiter
recruiting coordinator
talent acquisition
talent acquisition specialist
recruitment manager
manager  talent acquisition
it recruiter
recruitment specialist
sr  talent acquisition specialist
sr recruiter
director talent
manager talent acquisition
senior manager  talent acquisition
senior executive recruiter
talent acquisition partner
principal technical recruiter
independent recruiter
senior e recruitment specialist
senior it recruiter
talent advisor
technology recruiter
director  talent acquisition
lead recruiter
lead technical recruiter
senior director  talent acquisition
sr  director  talent acquisition
sr  talent acquisition partner
vice president  executive recruiter
research assistant
researcher
research scientist
research associate
internet researcher
research analyst
research fellow
graduate research assistant
senior research scientist
senior researcher
research engineer
research scholar
research staff member
principal research scientist
phd researcher
director research
principal researcher
market research analyst
collaborative research
head research
post doctoral researcher
postdoctoral research associate
postdoctoral researcher
research
senior research fellow
talent acquisition research professional
telephone researcher
research development manager
principal research manager
senior research analyst
statistical research analyst
statistician
statistical analyst
senior statistician
senior statistical analyst
sr  statistician
statistical associate
biostatistician ii
mathematical statistician
regional statistician
san jose state university
senior biostatistician
lead statistician
statistical analysis manager
graduate student
phd student
student
graduate student assistant
master student
associate professor
professor
assistant professor
adjunct professor
lecturer
senior lecturer
visiting assistant professor
visiting professor
lecturer researcher
part time lecturer

